<html>
<body>
<pre>
<h1>µVision Build Log</h1>
<h2>Tool Versions:</h2>
IDE-Version: µVision V5.33.0.0
Copyright (C) 2020 ARM Ltd and ARM Germany GmbH. All rights reserved.
License Information: Dennis Schoemakers Modrego, UPM, LIC=----
 
Tool Versions:
Toolchain:       MDK-Lite  Version: 5.33.0.0
Toolchain Path:  D:\Keil/\ARM\ARMCC\Bin
C Compiler:      Armcc.exe V5.06 update 7 (build 960)
Assembler:       Armasm.exe V5.06 update 7 (build 960)
Linker/Locator:  ArmLink.exe V5.06 update 7 (build 960)
Library Manager: ArmAr.exe V5.06 update 7 (build 960)
Hex Converter:   FromElf.exe V5.06 update 7 (build 960)
CPU DLL:         SARMCM3.DLL V5.33.0.0
Dialog DLL:      DARMP1.DLL V1.27.0.0
Target DLL:      CMSIS_AGDI.dll V1.32.12.0
Dialog DLL:      TARMP1.DLL V1.26.0.0
 
<h2>Project:</h2>
C:\Users\denni\Downloads\MICR\EX_L1\Hitos\Hito_1\MICR.uvprojx
Project File Date:  04/09/2021

<h2>Output:</h2>
*** Using Compiler 'V5.06 update 7 (build 960)', folder: 'D:\Keil/\ARM\ARMCC\Bin'
Build target 'mbed_LPC1768'
compiling main.cpp...
linking...
Program Size: Code=18604 RO-data=1552 RW-data=92 ZI-data=1568  
After Build - User command #1: fromelf --bin -o "C:\Users\denni\Downloads\MICR\EX_L1\Hitos\Hito_1\~build\mbed_LPC1768.bin" ".\~build\mbed_LPC1768.axf"
".\~build\mbed_LPC1768.axf" - 0 Error(s), 0 Warning(s).

<h2>Software Packages used:</h2>

Package Vendor: Keil
                http://www.keil.com/pack/Keil.LPC1700_DFP.2.5.0.pack
                Keil.LPC1700_DFP.2.5.0
                NXP LPC1700 Series Device Support, Drivers and Examples for MCB1700 and LPC1788-32

<h2>Collection of Component include folders:</h2>
  D:\Keil\Pack\Keil\LPC1700_DFP\2.5.0\Device\Include

<h2>Collection of Component Files used:</h2>
Build Time Elapsed:  00:00:01
</pre>
</body>
</html>
